Archive member included to satisfy reference by file (symbol)

c:/programs/avr-gcc-9.2.0-x64-mingw/bin/../lib/gcc/avr/9.2.0/avr5\libgcc.a(_udivmodsi4.o)
                              Freq_Gen.o (__udivmodsi4)
c:/programs/avr-gcc-9.2.0-x64-mingw/bin/../lib/gcc/avr/9.2.0/avr5\libgcc.a(_exit.o)
                              c:/programs/avr-gcc-9.2.0-x64-mingw/bin/../lib/gcc/avr/9.2.0/../../../../avr/lib/avr5/crtatmega328.o (exit)
c:/programs/avr-gcc-9.2.0-x64-mingw/bin/../lib/gcc/avr/9.2.0/avr5\libgcc.a(_copy_data.o)
                              Freq_Gen.o (__do_copy_data)
c:/programs/avr-gcc-9.2.0-x64-mingw/bin/../lib/gcc/avr/9.2.0/avr5\libgcc.a(_clear_bss.o)
                              Freq_Gen.o (__do_clear_bss)
c:/programs/avr-gcc-9.2.0-x64-mingw/bin/../lib/gcc/avr/9.2.0/../../../../avr/lib/avr5\libc.a(atol.o)
                              Freq_Gen.o (atol)
c:/programs/avr-gcc-9.2.0-x64-mingw/bin/../lib/gcc/avr/9.2.0/../../../../avr/lib/avr5\libc.a(mulsi10.o)
                              c:/programs/avr-gcc-9.2.0-x64-mingw/bin/../lib/gcc/avr/9.2.0/../../../../avr/lib/avr5\libc.a(atol.o) (__mulsi_const_10)
c:/programs/avr-gcc-9.2.0-x64-mingw/bin/../lib/gcc/avr/9.2.0/../../../../avr/lib/avr5\libc.a(iob.o)
                              usart.o (__iob)
c:/programs/avr-gcc-9.2.0-x64-mingw/bin/../lib/gcc/avr/9.2.0/../../../../avr/lib/avr5\libc.a(printf.o)
                              Freq_Gen.o (printf)
c:/programs/avr-gcc-9.2.0-x64-mingw/bin/../lib/gcc/avr/9.2.0/../../../../avr/lib/avr5\libc.a(puts.o)
                              Freq_Gen.o (puts)
c:/programs/avr-gcc-9.2.0-x64-mingw/bin/../lib/gcc/avr/9.2.0/../../../../avr/lib/avr5\libc.a(vfprintf_std.o)
                              c:/programs/avr-gcc-9.2.0-x64-mingw/bin/../lib/gcc/avr/9.2.0/../../../../avr/lib/avr5\libc.a(printf.o) (vfprintf)
c:/programs/avr-gcc-9.2.0-x64-mingw/bin/../lib/gcc/avr/9.2.0/../../../../avr/lib/avr5\libc.a(strnlen_P.o)
                              c:/programs/avr-gcc-9.2.0-x64-mingw/bin/../lib/gcc/avr/9.2.0/../../../../avr/lib/avr5\libc.a(vfprintf_std.o) (strnlen_P)
c:/programs/avr-gcc-9.2.0-x64-mingw/bin/../lib/gcc/avr/9.2.0/../../../../avr/lib/avr5\libc.a(strnlen.o)
                              c:/programs/avr-gcc-9.2.0-x64-mingw/bin/../lib/gcc/avr/9.2.0/../../../../avr/lib/avr5\libc.a(vfprintf_std.o) (strnlen)
c:/programs/avr-gcc-9.2.0-x64-mingw/bin/../lib/gcc/avr/9.2.0/../../../../avr/lib/avr5\libc.a(fputc.o)
                              c:/programs/avr-gcc-9.2.0-x64-mingw/bin/../lib/gcc/avr/9.2.0/../../../../avr/lib/avr5\libc.a(vfprintf_std.o) (fputc)
c:/programs/avr-gcc-9.2.0-x64-mingw/bin/../lib/gcc/avr/9.2.0/../../../../avr/lib/avr5\libc.a(ultoa_invert.o)
                              c:/programs/avr-gcc-9.2.0-x64-mingw/bin/../lib/gcc/avr/9.2.0/../../../../avr/lib/avr5\libc.a(vfprintf_std.o) (__ultoa_invert)
c:/programs/avr-gcc-9.2.0-x64-mingw/bin/../lib/gcc/avr/9.2.0/avr5\libgcc.a(_prologue.o)
                              c:/programs/avr-gcc-9.2.0-x64-mingw/bin/../lib/gcc/avr/9.2.0/../../../../avr/lib/avr5\libc.a(printf.o) (__prologue_saves__)
c:/programs/avr-gcc-9.2.0-x64-mingw/bin/../lib/gcc/avr/9.2.0/avr5\libgcc.a(_epilogue.o)
                              c:/programs/avr-gcc-9.2.0-x64-mingw/bin/../lib/gcc/avr/9.2.0/../../../../avr/lib/avr5\libc.a(printf.o) (__epilogue_restores__)

Allocating common symbols
Common symbol       size              file

reload              0x2               Freq_Gen.o
__iob               0x6               c:/programs/avr-gcc-9.2.0-x64-mingw/bin/../lib/gcc/avr/9.2.0/../../../../avr/lib/avr5\libc.a(iob.o)

Memory Configuration

Name             Origin             Length             Attributes
text             0x0000000000000000 0x0000000000020000 xr
data             0x0000000000800060 0x000000000000ffa0 rw !x
eeprom           0x0000000000810000 0x0000000000010000 rw !x
fuse             0x0000000000820000 0x0000000000000003 rw !x
lock             0x0000000000830000 0x0000000000000400 rw !x
signature        0x0000000000840000 0x0000000000000400 rw !x
user_signatures  0x0000000000850000 0x0000000000000400 rw !x
*default*        0x0000000000000000 0xffffffffffffffff

Linker script and memory map

Address of section .data set to 0x800100
LOAD c:/programs/avr-gcc-9.2.0-x64-mingw/bin/../lib/gcc/avr/9.2.0/../../../../avr/lib/avr5/crtatmega328.o
LOAD Freq_Gen.o
LOAD usart.o
START GROUP
LOAD c:/programs/avr-gcc-9.2.0-x64-mingw/bin/../lib/gcc/avr/9.2.0/avr5\libgcc.a
LOAD c:/programs/avr-gcc-9.2.0-x64-mingw/bin/../lib/gcc/avr/9.2.0/../../../../avr/lib/avr5\libm.a
LOAD c:/programs/avr-gcc-9.2.0-x64-mingw/bin/../lib/gcc/avr/9.2.0/../../../../avr/lib/avr5\libc.a
LOAD c:/programs/avr-gcc-9.2.0-x64-mingw/bin/../lib/gcc/avr/9.2.0/../../../../avr/lib/avr5\libatmega328.a
END GROUP
                0x0000000000020000                __TEXT_REGION_LENGTH__ = DEFINED (__TEXT_REGION_LENGTH__)?__TEXT_REGION_LENGTH__:0x20000
                0x000000000000ffa0                __DATA_REGION_LENGTH__ = DEFINED (__DATA_REGION_LENGTH__)?__DATA_REGION_LENGTH__:0xffa0
                0x0000000000010000                __EEPROM_REGION_LENGTH__ = DEFINED (__EEPROM_REGION_LENGTH__)?__EEPROM_REGION_LENGTH__:0x10000
                [0x0000000000000003]                __FUSE_REGION_LENGTH__ = DEFINED (__FUSE_REGION_LENGTH__)?__FUSE_REGION_LENGTH__:0x400
                0x0000000000000400                __LOCK_REGION_LENGTH__ = DEFINED (__LOCK_REGION_LENGTH__)?__LOCK_REGION_LENGTH__:0x400
                0x0000000000000400                __SIGNATURE_REGION_LENGTH__ = DEFINED (__SIGNATURE_REGION_LENGTH__)?__SIGNATURE_REGION_LENGTH__:0x400
                0x0000000000000400                __USER_SIGNATURE_REGION_LENGTH__ = DEFINED (__USER_SIGNATURE_REGION_LENGTH__)?__USER_SIGNATURE_REGION_LENGTH__:0x400

.hash
 *(.hash)

.dynsym
 *(.dynsym)

.dynstr
 *(.dynstr)

.gnu.version
 *(.gnu.version)

.gnu.version_d
 *(.gnu.version_d)

.gnu.version_r
 *(.gnu.version_r)

.rel.init
 *(.rel.init)

.rela.init
 *(.rela.init)

.rel.text
 *(.rel.text)
 *(.rel.text.*)
 *(.rel.gnu.linkonce.t*)

.rela.text
 *(.rela.text)
 *(.rela.text.*)
 *(.rela.gnu.linkonce.t*)

.rel.fini
 *(.rel.fini)

.rela.fini
 *(.rela.fini)

.rel.rodata
 *(.rel.rodata)
 *(.rel.rodata.*)
 *(.rel.gnu.linkonce.r*)

.rela.rodata
 *(.rela.rodata)
 *(.rela.rodata.*)
 *(.rela.gnu.linkonce.r*)

.rel.data
 *(.rel.data)
 *(.rel.data.*)
 *(.rel.gnu.linkonce.d*)

.rela.data
 *(.rela.data)
 *(.rela.data.*)
 *(.rela.gnu.linkonce.d*)

.rel.ctors
 *(.rel.ctors)

.rela.ctors
 *(.rela.ctors)

.rel.dtors
 *(.rel.dtors)

.rela.dtors
 *(.rela.dtors)

.rel.got
 *(.rel.got)

.rela.got
 *(.rela.got)

.rel.bss
 *(.rel.bss)

.rela.bss
 *(.rela.bss)

.rel.plt
 *(.rel.plt)

.rela.plt
 *(.rela.plt)

.text           0x0000000000000000      0x988
 *(.vectors)
 .vectors       0x0000000000000000       0x68 c:/programs/avr-gcc-9.2.0-x64-mingw/bin/../lib/gcc/avr/9.2.0/../../../../avr/lib/avr5/crtatmega328.o
                0x0000000000000000                __vector_default
                0x0000000000000000                __vectors
 *(.vectors)
 *(.progmem.gcc*)
                0x0000000000000068                . = ALIGN (0x2)
                0x0000000000000068                __trampolines_start = .
 *(.trampolines)
 .trampolines   0x0000000000000068        0x0 linker stubs
 *(.trampolines*)
                0x0000000000000068                __trampolines_end = .
 *libprintf_flt.a:*(.progmem.data)
 *libc.a:*(.progmem.data)
 *(.progmem.*)
                0x0000000000000068                . = ALIGN (0x2)
 *(.lowtext)
 *(.lowtext*)
                0x0000000000000068                __ctors_start = .
 *(.ctors)
                0x0000000000000068                __ctors_end = .
                0x0000000000000068                __dtors_start = .
 *(.dtors)
                0x0000000000000068                __dtors_end = .
 SORT_BY_NAME(*)(.ctors)
 SORT_BY_NAME(*)(.dtors)
 *(.init0)
 .init0         0x0000000000000068        0x0 c:/programs/avr-gcc-9.2.0-x64-mingw/bin/../lib/gcc/avr/9.2.0/../../../../avr/lib/avr5/crtatmega328.o
                0x0000000000000068                __init
 *(.init0)
 *(.init1)
 *(.init1)
 *(.init2)
 .init2         0x0000000000000068        0xc c:/programs/avr-gcc-9.2.0-x64-mingw/bin/../lib/gcc/avr/9.2.0/../../../../avr/lib/avr5/crtatmega328.o
 *(.init2)
 *(.init3)
 *(.init3)
 *(.init4)
 .init4         0x0000000000000074       0x16 c:/programs/avr-gcc-9.2.0-x64-mingw/bin/../lib/gcc/avr/9.2.0/avr5\libgcc.a(_copy_data.o)
                0x0000000000000074                __do_copy_data
 .init4         0x000000000000008a       0x10 c:/programs/avr-gcc-9.2.0-x64-mingw/bin/../lib/gcc/avr/9.2.0/avr5\libgcc.a(_clear_bss.o)
                0x000000000000008a                __do_clear_bss
 *(.init4)
 *(.init5)
 *(.init5)
 *(.init6)
 *(.init6)
 *(.init7)
 *(.init7)
 *(.init8)
 *(.init8)
 *(.init9)
 .init9         0x000000000000009a        0x8 c:/programs/avr-gcc-9.2.0-x64-mingw/bin/../lib/gcc/avr/9.2.0/../../../../avr/lib/avr5/crtatmega328.o
 *(.init9)
 *(.text)
 .text          0x00000000000000a2        0x4 c:/programs/avr-gcc-9.2.0-x64-mingw/bin/../lib/gcc/avr/9.2.0/../../../../avr/lib/avr5/crtatmega328.o
                0x00000000000000a2                __vector_22
                0x00000000000000a2                __vector_1
                0x00000000000000a2                __vector_24
                0x00000000000000a2                __vector_12
                0x00000000000000a2                __bad_interrupt
                0x00000000000000a2                __vector_6
                0x00000000000000a2                __vector_3
                0x00000000000000a2                __vector_23
                0x00000000000000a2                __vector_25
                0x00000000000000a2                __vector_13
                0x00000000000000a2                __vector_17
                0x00000000000000a2                __vector_19
                0x00000000000000a2                __vector_7
                0x00000000000000a2                __vector_5
                0x00000000000000a2                __vector_4
                0x00000000000000a2                __vector_9
                0x00000000000000a2                __vector_2
                0x00000000000000a2                __vector_21
                0x00000000000000a2                __vector_15
                0x00000000000000a2                __vector_8
                0x00000000000000a2                __vector_14
                0x00000000000000a2                __vector_10
                0x00000000000000a2                __vector_16
                0x00000000000000a2                __vector_18
                0x00000000000000a2                __vector_20
 .text          0x00000000000000a6       0x42 Freq_Gen.o
                0x00000000000000a6                __vector_11
 .text          0x00000000000000e8       0xe0 usart.o
                0x00000000000000e8                usart_init
                0x000000000000011a                usart_putchar
                0x0000000000000128                usart_putchar_printf
                0x0000000000000144                usart_getchar
                0x0000000000000152                usart_gets
                0x00000000000001a4                usart_kbhit
                0x00000000000001b0                usart_pstr
 .text          0x00000000000001c8        0x0 c:/programs/avr-gcc-9.2.0-x64-mingw/bin/../lib/gcc/avr/9.2.0/avr5\libgcc.a(_udivmodsi4.o)
 .text          0x00000000000001c8        0x0 c:/programs/avr-gcc-9.2.0-x64-mingw/bin/../lib/gcc/avr/9.2.0/avr5\libgcc.a(_exit.o)
 .text          0x00000000000001c8        0x0 c:/programs/avr-gcc-9.2.0-x64-mingw/bin/../lib/gcc/avr/9.2.0/avr5\libgcc.a(_copy_data.o)
 .text          0x00000000000001c8        0x0 c:/programs/avr-gcc-9.2.0-x64-mingw/bin/../lib/gcc/avr/9.2.0/avr5\libgcc.a(_clear_bss.o)
 .text          0x00000000000001c8        0x0 c:/programs/avr-gcc-9.2.0-x64-mingw/bin/../lib/gcc/avr/9.2.0/../../../../avr/lib/avr5\libc.a(atol.o)
 .text          0x00000000000001c8        0x0 c:/programs/avr-gcc-9.2.0-x64-mingw/bin/../lib/gcc/avr/9.2.0/../../../../avr/lib/avr5\libc.a(mulsi10.o)
 .text          0x00000000000001c8        0x0 c:/programs/avr-gcc-9.2.0-x64-mingw/bin/../lib/gcc/avr/9.2.0/../../../../avr/lib/avr5\libc.a(iob.o)
 .text          0x00000000000001c8        0x0 c:/programs/avr-gcc-9.2.0-x64-mingw/bin/../lib/gcc/avr/9.2.0/../../../../avr/lib/avr5\libc.a(printf.o)
 .text          0x00000000000001c8        0x0 c:/programs/avr-gcc-9.2.0-x64-mingw/bin/../lib/gcc/avr/9.2.0/../../../../avr/lib/avr5\libc.a(puts.o)
 .text          0x00000000000001c8        0x0 c:/programs/avr-gcc-9.2.0-x64-mingw/bin/../lib/gcc/avr/9.2.0/../../../../avr/lib/avr5\libc.a(vfprintf_std.o)
 .text          0x00000000000001c8        0x0 c:/programs/avr-gcc-9.2.0-x64-mingw/bin/../lib/gcc/avr/9.2.0/../../../../avr/lib/avr5\libc.a(strnlen_P.o)
 .text          0x00000000000001c8        0x0 c:/programs/avr-gcc-9.2.0-x64-mingw/bin/../lib/gcc/avr/9.2.0/../../../../avr/lib/avr5\libc.a(strnlen.o)
 .text          0x00000000000001c8        0x0 c:/programs/avr-gcc-9.2.0-x64-mingw/bin/../lib/gcc/avr/9.2.0/../../../../avr/lib/avr5\libc.a(fputc.o)
 .text          0x00000000000001c8        0x0 c:/programs/avr-gcc-9.2.0-x64-mingw/bin/../lib/gcc/avr/9.2.0/../../../../avr/lib/avr5\libc.a(ultoa_invert.o)
 .text          0x00000000000001c8        0x0 c:/programs/avr-gcc-9.2.0-x64-mingw/bin/../lib/gcc/avr/9.2.0/avr5\libgcc.a(_prologue.o)
 .text          0x00000000000001c8        0x0 c:/programs/avr-gcc-9.2.0-x64-mingw/bin/../lib/gcc/avr/9.2.0/avr5\libgcc.a(_epilogue.o)
                0x00000000000001c8                . = ALIGN (0x2)
 *(.text.*)
 .text.startup  0x00000000000001c8      0x11a Freq_Gen.o
                0x00000000000001c8                main
 .text.libgcc.mul
                0x00000000000002e2        0x0 c:/programs/avr-gcc-9.2.0-x64-mingw/bin/../lib/gcc/avr/9.2.0/avr5\libgcc.a(_udivmodsi4.o)
 .text.libgcc.div
                0x00000000000002e2       0x44 c:/programs/avr-gcc-9.2.0-x64-mingw/bin/../lib/gcc/avr/9.2.0/avr5\libgcc.a(_udivmodsi4.o)
                0x00000000000002e2                __udivmodsi4
 .text.libgcc   0x0000000000000326        0x0 c:/programs/avr-gcc-9.2.0-x64-mingw/bin/../lib/gcc/avr/9.2.0/avr5\libgcc.a(_udivmodsi4.o)
 .text.libgcc.prologue
                0x0000000000000326        0x0 c:/programs/avr-gcc-9.2.0-x64-mingw/bin/../lib/gcc/avr/9.2.0/avr5\libgcc.a(_udivmodsi4.o)
 .text.libgcc.builtins
                0x0000000000000326        0x0 c:/programs/avr-gcc-9.2.0-x64-mingw/bin/../lib/gcc/avr/9.2.0/avr5\libgcc.a(_udivmodsi4.o)
 .text.libgcc.fmul
                0x0000000000000326        0x0 c:/programs/avr-gcc-9.2.0-x64-mingw/bin/../lib/gcc/avr/9.2.0/avr5\libgcc.a(_udivmodsi4.o)
 .text.libgcc.fixed
                0x0000000000000326        0x0 c:/programs/avr-gcc-9.2.0-x64-mingw/bin/../lib/gcc/avr/9.2.0/avr5\libgcc.a(_udivmodsi4.o)
 .text.libgcc.mul
                0x0000000000000326        0x0 c:/programs/avr-gcc-9.2.0-x64-mingw/bin/../lib/gcc/avr/9.2.0/avr5\libgcc.a(_exit.o)
 .text.libgcc.div
                0x0000000000000326        0x0 c:/programs/avr-gcc-9.2.0-x64-mingw/bin/../lib/gcc/avr/9.2.0/avr5\libgcc.a(_exit.o)
 .text.libgcc   0x0000000000000326        0x0 c:/programs/avr-gcc-9.2.0-x64-mingw/bin/../lib/gcc/avr/9.2.0/avr5\libgcc.a(_exit.o)
 .text.libgcc.prologue
                0x0000000000000326        0x0 c:/programs/avr-gcc-9.2.0-x64-mingw/bin/../lib/gcc/avr/9.2.0/avr5\libgcc.a(_exit.o)
 .text.libgcc.builtins
                0x0000000000000326        0x0 c:/programs/avr-gcc-9.2.0-x64-mingw/bin/../lib/gcc/avr/9.2.0/avr5\libgcc.a(_exit.o)
 .text.libgcc.fmul
                0x0000000000000326        0x0 c:/programs/avr-gcc-9.2.0-x64-mingw/bin/../lib/gcc/avr/9.2.0/avr5\libgcc.a(_exit.o)
 .text.libgcc.fixed
                0x0000000000000326        0x0 c:/programs/avr-gcc-9.2.0-x64-mingw/bin/../lib/gcc/avr/9.2.0/avr5\libgcc.a(_exit.o)
 .text.libgcc.mul
                0x0000000000000326        0x0 c:/programs/avr-gcc-9.2.0-x64-mingw/bin/../lib/gcc/avr/9.2.0/avr5\libgcc.a(_copy_data.o)
 .text.libgcc.div
                0x0000000000000326        0x0 c:/programs/avr-gcc-9.2.0-x64-mingw/bin/../lib/gcc/avr/9.2.0/avr5\libgcc.a(_copy_data.o)
 .text.libgcc   0x0000000000000326        0x0 c:/programs/avr-gcc-9.2.0-x64-mingw/bin/../lib/gcc/avr/9.2.0/avr5\libgcc.a(_copy_data.o)
 .text.libgcc.prologue
                0x0000000000000326        0x0 c:/programs/avr-gcc-9.2.0-x64-mingw/bin/../lib/gcc/avr/9.2.0/avr5\libgcc.a(_copy_data.o)
 .text.libgcc.builtins
                0x0000000000000326        0x0 c:/programs/avr-gcc-9.2.0-x64-mingw/bin/../lib/gcc/avr/9.2.0/avr5\libgcc.a(_copy_data.o)
 .text.libgcc.fmul
                0x0000000000000326        0x0 c:/programs/avr-gcc-9.2.0-x64-mingw/bin/../lib/gcc/avr/9.2.0/avr5\libgcc.a(_copy_data.o)
 .text.libgcc.fixed
                0x0000000000000326        0x0 c:/programs/avr-gcc-9.2.0-x64-mingw/bin/../lib/gcc/avr/9.2.0/avr5\libgcc.a(_copy_data.o)
 .text.libgcc.mul
                0x0000000000000326        0x0 c:/programs/avr-gcc-9.2.0-x64-mingw/bin/../lib/gcc/avr/9.2.0/avr5\libgcc.a(_clear_bss.o)
 .text.libgcc.div
                0x0000000000000326        0x0 c:/programs/avr-gcc-9.2.0-x64-mingw/bin/../lib/gcc/avr/9.2.0/avr5\libgcc.a(_clear_bss.o)
 .text.libgcc   0x0000000000000326        0x0 c:/programs/avr-gcc-9.2.0-x64-mingw/bin/../lib/gcc/avr/9.2.0/avr5\libgcc.a(_clear_bss.o)
 .text.libgcc.prologue
                0x0000000000000326        0x0 c:/programs/avr-gcc-9.2.0-x64-mingw/bin/../lib/gcc/avr/9.2.0/avr5\libgcc.a(_clear_bss.o)
 .text.libgcc.builtins
                0x0000000000000326        0x0 c:/programs/avr-gcc-9.2.0-x64-mingw/bin/../lib/gcc/avr/9.2.0/avr5\libgcc.a(_clear_bss.o)
 .text.libgcc.fmul
                0x0000000000000326        0x0 c:/programs/avr-gcc-9.2.0-x64-mingw/bin/../lib/gcc/avr/9.2.0/avr5\libgcc.a(_clear_bss.o)
 .text.libgcc.fixed
                0x0000000000000326        0x0 c:/programs/avr-gcc-9.2.0-x64-mingw/bin/../lib/gcc/avr/9.2.0/avr5\libgcc.a(_clear_bss.o)
 .text.avr-libc
                0x0000000000000326       0x4e c:/programs/avr-gcc-9.2.0-x64-mingw/bin/../lib/gcc/avr/9.2.0/../../../../avr/lib/avr5\libc.a(atol.o)
                0x0000000000000326                atol
 .text.avr-libc
                0x0000000000000374       0x2a c:/programs/avr-gcc-9.2.0-x64-mingw/bin/../lib/gcc/avr/9.2.0/../../../../avr/lib/avr5\libc.a(mulsi10.o)
                0x0000000000000374                __mulsi_const_10
 .text.avr-libc
                0x000000000000039e       0x28 c:/programs/avr-gcc-9.2.0-x64-mingw/bin/../lib/gcc/avr/9.2.0/../../../../avr/lib/avr5\libc.a(printf.o)
                0x000000000000039e                printf
 .text.avr-libc
                0x00000000000003c6       0x58 c:/programs/avr-gcc-9.2.0-x64-mingw/bin/../lib/gcc/avr/9.2.0/../../../../avr/lib/avr5\libc.a(puts.o)
                0x00000000000003c6                puts
 .text.avr-libc
                0x000000000000041e      0x3b0 c:/programs/avr-gcc-9.2.0-x64-mingw/bin/../lib/gcc/avr/9.2.0/../../../../avr/lib/avr5\libc.a(vfprintf_std.o)
                0x000000000000041e                vfprintf
 .text.avr-libc
                0x00000000000007ce       0x16 c:/programs/avr-gcc-9.2.0-x64-mingw/bin/../lib/gcc/avr/9.2.0/../../../../avr/lib/avr5\libc.a(strnlen_P.o)
                0x00000000000007ce                strnlen_P
 .text.avr-libc
                0x00000000000007e4       0x16 c:/programs/avr-gcc-9.2.0-x64-mingw/bin/../lib/gcc/avr/9.2.0/../../../../avr/lib/avr5\libc.a(strnlen.o)
                0x00000000000007e4                strnlen
 .text.avr-libc
                0x00000000000007fa       0x60 c:/programs/avr-gcc-9.2.0-x64-mingw/bin/../lib/gcc/avr/9.2.0/../../../../avr/lib/avr5\libc.a(fputc.o)
                0x00000000000007fa                fputc
 .text.avr-libc
                0x000000000000085a       0xbc c:/programs/avr-gcc-9.2.0-x64-mingw/bin/../lib/gcc/avr/9.2.0/../../../../avr/lib/avr5\libc.a(ultoa_invert.o)
                0x000000000000085a                __ultoa_invert
 .text.libgcc.mul
                0x0000000000000916        0x0 c:/programs/avr-gcc-9.2.0-x64-mingw/bin/../lib/gcc/avr/9.2.0/avr5\libgcc.a(_prologue.o)
 .text.libgcc.div
                0x0000000000000916        0x0 c:/programs/avr-gcc-9.2.0-x64-mingw/bin/../lib/gcc/avr/9.2.0/avr5\libgcc.a(_prologue.o)
 .text.libgcc   0x0000000000000916        0x0 c:/programs/avr-gcc-9.2.0-x64-mingw/bin/../lib/gcc/avr/9.2.0/avr5\libgcc.a(_prologue.o)
 .text.libgcc.prologue
                0x0000000000000916       0x38 c:/programs/avr-gcc-9.2.0-x64-mingw/bin/../lib/gcc/avr/9.2.0/avr5\libgcc.a(_prologue.o)
                0x0000000000000916                __prologue_saves__
 .text.libgcc.builtins
                0x000000000000094e        0x0 c:/programs/avr-gcc-9.2.0-x64-mingw/bin/../lib/gcc/avr/9.2.0/avr5\libgcc.a(_prologue.o)
 .text.libgcc.fmul
                0x000000000000094e        0x0 c:/programs/avr-gcc-9.2.0-x64-mingw/bin/../lib/gcc/avr/9.2.0/avr5\libgcc.a(_prologue.o)
 .text.libgcc.fixed
                0x000000000000094e        0x0 c:/programs/avr-gcc-9.2.0-x64-mingw/bin/../lib/gcc/avr/9.2.0/avr5\libgcc.a(_prologue.o)
 .text.libgcc.mul
                0x000000000000094e        0x0 c:/programs/avr-gcc-9.2.0-x64-mingw/bin/../lib/gcc/avr/9.2.0/avr5\libgcc.a(_epilogue.o)
 .text.libgcc.div
                0x000000000000094e        0x0 c:/programs/avr-gcc-9.2.0-x64-mingw/bin/../lib/gcc/avr/9.2.0/avr5\libgcc.a(_epilogue.o)
 .text.libgcc   0x000000000000094e        0x0 c:/programs/avr-gcc-9.2.0-x64-mingw/bin/../lib/gcc/avr/9.2.0/avr5\libgcc.a(_epilogue.o)
 .text.libgcc.prologue
                0x000000000000094e       0x36 c:/programs/avr-gcc-9.2.0-x64-mingw/bin/../lib/gcc/avr/9.2.0/avr5\libgcc.a(_epilogue.o)
                0x000000000000094e                __epilogue_restores__
 .text.libgcc.builtins
                0x0000000000000984        0x0 c:/programs/avr-gcc-9.2.0-x64-mingw/bin/../lib/gcc/avr/9.2.0/avr5\libgcc.a(_epilogue.o)
 .text.libgcc.fmul
                0x0000000000000984        0x0 c:/programs/avr-gcc-9.2.0-x64-mingw/bin/../lib/gcc/avr/9.2.0/avr5\libgcc.a(_epilogue.o)
 .text.libgcc.fixed
                0x0000000000000984        0x0 c:/programs/avr-gcc-9.2.0-x64-mingw/bin/../lib/gcc/avr/9.2.0/avr5\libgcc.a(_epilogue.o)
                0x0000000000000984                . = ALIGN (0x2)
 *(.fini9)
 .fini9         0x0000000000000984        0x0 c:/programs/avr-gcc-9.2.0-x64-mingw/bin/../lib/gcc/avr/9.2.0/avr5\libgcc.a(_exit.o)
                0x0000000000000984                _exit
                0x0000000000000984                exit
 *(.fini9)
 *(.fini8)
 *(.fini8)
 *(.fini7)
 *(.fini7)
 *(.fini6)
 *(.fini6)
 *(.fini5)
 *(.fini5)
 *(.fini4)
 *(.fini4)
 *(.fini3)
 *(.fini3)
 *(.fini2)
 *(.fini2)
 *(.fini1)
 *(.fini1)
 *(.fini0)
 .fini0         0x0000000000000984        0x4 c:/programs/avr-gcc-9.2.0-x64-mingw/bin/../lib/gcc/avr/9.2.0/avr5\libgcc.a(_exit.o)
 *(.fini0)
 *(.hightext)
 *(.hightext*)
 *(.progmemx.*)
                0x0000000000000988                . = ALIGN (0x2)
 *(.jumptables)
 *(.jumptables*)
                0x0000000000000988                _etext = .

.data           0x0000000000800100       0xc8 load address 0x0000000000000988
                0x0000000000800100                PROVIDE (__data_start = .)
 *(.data)
 .data          0x0000000000800100        0x0 c:/programs/avr-gcc-9.2.0-x64-mingw/bin/../lib/gcc/avr/9.2.0/../../../../avr/lib/avr5/crtatmega328.o
 .data          0x0000000000800100        0x0 Freq_Gen.o
 .data          0x0000000000800100        0xe usart.o
 .data          0x000000000080010e        0x0 c:/programs/avr-gcc-9.2.0-x64-mingw/bin/../lib/gcc/avr/9.2.0/avr5\libgcc.a(_udivmodsi4.o)
 .data          0x000000000080010e        0x0 c:/programs/avr-gcc-9.2.0-x64-mingw/bin/../lib/gcc/avr/9.2.0/avr5\libgcc.a(_exit.o)
 .data          0x000000000080010e        0x0 c:/programs/avr-gcc-9.2.0-x64-mingw/bin/../lib/gcc/avr/9.2.0/avr5\libgcc.a(_copy_data.o)
 .data          0x000000000080010e        0x0 c:/programs/avr-gcc-9.2.0-x64-mingw/bin/../lib/gcc/avr/9.2.0/avr5\libgcc.a(_clear_bss.o)
 .data          0x000000000080010e        0x0 c:/programs/avr-gcc-9.2.0-x64-mingw/bin/../lib/gcc/avr/9.2.0/../../../../avr/lib/avr5\libc.a(atol.o)
 .data          0x000000000080010e        0x0 c:/programs/avr-gcc-9.2.0-x64-mingw/bin/../lib/gcc/avr/9.2.0/../../../../avr/lib/avr5\libc.a(mulsi10.o)
 .data          0x000000000080010e        0x0 c:/programs/avr-gcc-9.2.0-x64-mingw/bin/../lib/gcc/avr/9.2.0/../../../../avr/lib/avr5\libc.a(iob.o)
 .data          0x000000000080010e        0x0 c:/programs/avr-gcc-9.2.0-x64-mingw/bin/../lib/gcc/avr/9.2.0/../../../../avr/lib/avr5\libc.a(printf.o)
 .data          0x000000000080010e        0x0 c:/programs/avr-gcc-9.2.0-x64-mingw/bin/../lib/gcc/avr/9.2.0/../../../../avr/lib/avr5\libc.a(puts.o)
 .data          0x000000000080010e        0x0 c:/programs/avr-gcc-9.2.0-x64-mingw/bin/../lib/gcc/avr/9.2.0/../../../../avr/lib/avr5\libc.a(vfprintf_std.o)
 .data          0x000000000080010e        0x0 c:/programs/avr-gcc-9.2.0-x64-mingw/bin/../lib/gcc/avr/9.2.0/../../../../avr/lib/avr5\libc.a(strnlen_P.o)
 .data          0x000000000080010e        0x0 c:/programs/avr-gcc-9.2.0-x64-mingw/bin/../lib/gcc/avr/9.2.0/../../../../avr/lib/avr5\libc.a(strnlen.o)
 .data          0x000000000080010e        0x0 c:/programs/avr-gcc-9.2.0-x64-mingw/bin/../lib/gcc/avr/9.2.0/../../../../avr/lib/avr5\libc.a(fputc.o)
 .data          0x000000000080010e        0x0 c:/programs/avr-gcc-9.2.0-x64-mingw/bin/../lib/gcc/avr/9.2.0/../../../../avr/lib/avr5\libc.a(ultoa_invert.o)
 .data          0x000000000080010e        0x0 c:/programs/avr-gcc-9.2.0-x64-mingw/bin/../lib/gcc/avr/9.2.0/avr5\libgcc.a(_prologue.o)
 .data          0x000000000080010e        0x0 c:/programs/avr-gcc-9.2.0-x64-mingw/bin/../lib/gcc/avr/9.2.0/avr5\libgcc.a(_epilogue.o)
 *(.data*)
 *(.gnu.linkonce.d*)
 *(.rodata)
 *(.rodata*)
 .rodata.str1.1
                0x000000000080010e       0xb9 Freq_Gen.o
 *(.gnu.linkonce.r*)
                0x00000000008001c8                . = ALIGN (0x2)
 *fill*         0x00000000008001c7        0x1 
                0x00000000008001c8                _edata = .
                0x00000000008001c8                PROVIDE (__data_end = .)

.bss            0x00000000008001c8        0x8
                0x00000000008001c8                PROVIDE (__bss_start = .)
 *(.bss)
 .bss           0x00000000008001c8        0x0 c:/programs/avr-gcc-9.2.0-x64-mingw/bin/../lib/gcc/avr/9.2.0/../../../../avr/lib/avr5/crtatmega328.o
 .bss           0x00000000008001c8        0x0 Freq_Gen.o
 .bss           0x00000000008001c8        0x0 usart.o
 .bss           0x00000000008001c8        0x0 c:/programs/avr-gcc-9.2.0-x64-mingw/bin/../lib/gcc/avr/9.2.0/avr5\libgcc.a(_udivmodsi4.o)
 .bss           0x00000000008001c8        0x0 c:/programs/avr-gcc-9.2.0-x64-mingw/bin/../lib/gcc/avr/9.2.0/avr5\libgcc.a(_exit.o)
 .bss           0x00000000008001c8        0x0 c:/programs/avr-gcc-9.2.0-x64-mingw/bin/../lib/gcc/avr/9.2.0/avr5\libgcc.a(_copy_data.o)
 .bss           0x00000000008001c8        0x0 c:/programs/avr-gcc-9.2.0-x64-mingw/bin/../lib/gcc/avr/9.2.0/avr5\libgcc.a(_clear_bss.o)
 .bss           0x00000000008001c8        0x0 c:/programs/avr-gcc-9.2.0-x64-mingw/bin/../lib/gcc/avr/9.2.0/../../../../avr/lib/avr5\libc.a(atol.o)
 .bss           0x00000000008001c8        0x0 c:/programs/avr-gcc-9.2.0-x64-mingw/bin/../lib/gcc/avr/9.2.0/../../../../avr/lib/avr5\libc.a(mulsi10.o)
 .bss           0x00000000008001c8        0x0 c:/programs/avr-gcc-9.2.0-x64-mingw/bin/../lib/gcc/avr/9.2.0/../../../../avr/lib/avr5\libc.a(iob.o)
 .bss           0x00000000008001c8        0x0 c:/programs/avr-gcc-9.2.0-x64-mingw/bin/../lib/gcc/avr/9.2.0/../../../../avr/lib/avr5\libc.a(printf.o)
 .bss           0x00000000008001c8        0x0 c:/programs/avr-gcc-9.2.0-x64-mingw/bin/../lib/gcc/avr/9.2.0/../../../../avr/lib/avr5\libc.a(puts.o)
 .bss           0x00000000008001c8        0x0 c:/programs/avr-gcc-9.2.0-x64-mingw/bin/../lib/gcc/avr/9.2.0/../../../../avr/lib/avr5\libc.a(vfprintf_std.o)
 .bss           0x00000000008001c8        0x0 c:/programs/avr-gcc-9.2.0-x64-mingw/bin/../lib/gcc/avr/9.2.0/../../../../avr/lib/avr5\libc.a(strnlen_P.o)
 .bss           0x00000000008001c8        0x0 c:/programs/avr-gcc-9.2.0-x64-mingw/bin/../lib/gcc/avr/9.2.0/../../../../avr/lib/avr5\libc.a(strnlen.o)
 .bss           0x00000000008001c8        0x0 c:/programs/avr-gcc-9.2.0-x64-mingw/bin/../lib/gcc/avr/9.2.0/../../../../avr/lib/avr5\libc.a(fputc.o)
 .bss           0x00000000008001c8        0x0 c:/programs/avr-gcc-9.2.0-x64-mingw/bin/../lib/gcc/avr/9.2.0/../../../../avr/lib/avr5\libc.a(ultoa_invert.o)
 .bss           0x00000000008001c8        0x0 c:/programs/avr-gcc-9.2.0-x64-mingw/bin/../lib/gcc/avr/9.2.0/avr5\libgcc.a(_prologue.o)
 .bss           0x00000000008001c8        0x0 c:/programs/avr-gcc-9.2.0-x64-mingw/bin/../lib/gcc/avr/9.2.0/avr5\libgcc.a(_epilogue.o)
 *(.bss*)
 *(COMMON)
 COMMON         0x00000000008001c8        0x2 Freq_Gen.o
                0x00000000008001c8                reload
 COMMON         0x00000000008001ca        0x6 c:/programs/avr-gcc-9.2.0-x64-mingw/bin/../lib/gcc/avr/9.2.0/../../../../avr/lib/avr5\libc.a(iob.o)
                0x00000000008001ca                __iob
                0x00000000008001d0                PROVIDE (__bss_end = .)
                0x0000000000000988                __data_load_start = LOADADDR (.data)
                0x0000000000000a50                __data_load_end = (__data_load_start + SIZEOF (.data))

.noinit         0x00000000008001d0        0x0
                [!provide]                        PROVIDE (__noinit_start = .)
 *(.noinit*)
                [!provide]                        PROVIDE (__noinit_end = .)
                0x00000000008001d0                _end = .
                [!provide]                        PROVIDE (__heap_start = .)

.eeprom         0x0000000000810000        0x0
 *(.eeprom*)
                0x0000000000810000                __eeprom_end = .

.fuse
 *(.fuse)
 *(.lfuse)
 *(.hfuse)
 *(.efuse)

.lock
 *(.lock*)

.signature
 *(.signature*)

.stab
 *(.stab)

.stabstr
 *(.stabstr)

.stab.excl
 *(.stab.excl)

.stab.exclstr
 *(.stab.exclstr)

.stab.index
 *(.stab.index)

.stab.indexstr
 *(.stab.indexstr)

.comment        0x0000000000000000       0x11
 *(.comment)
 .comment       0x0000000000000000       0x11 Freq_Gen.o
                                         0x12 (size before relaxing)
 .comment       0x0000000000000011       0x12 usart.o
 .comment       0x0000000000000011       0x12 c:/programs/avr-gcc-9.2.0-x64-mingw/bin/../lib/gcc/avr/9.2.0/../../../../avr/lib/avr5\libc.a(iob.o)
 .comment       0x0000000000000011       0x12 c:/programs/avr-gcc-9.2.0-x64-mingw/bin/../lib/gcc/avr/9.2.0/../../../../avr/lib/avr5\libc.a(printf.o)
 .comment       0x0000000000000011       0x12 c:/programs/avr-gcc-9.2.0-x64-mingw/bin/../lib/gcc/avr/9.2.0/../../../../avr/lib/avr5\libc.a(puts.o)
 .comment       0x0000000000000011       0x12 c:/programs/avr-gcc-9.2.0-x64-mingw/bin/../lib/gcc/avr/9.2.0/../../../../avr/lib/avr5\libc.a(vfprintf_std.o)
 .comment       0x0000000000000011       0x12 c:/programs/avr-gcc-9.2.0-x64-mingw/bin/../lib/gcc/avr/9.2.0/../../../../avr/lib/avr5\libc.a(fputc.o)

.note.gnu.avr.deviceinfo
                0x0000000000000000       0x3c
 .note.gnu.avr.deviceinfo
                0x0000000000000000       0x3c c:/programs/avr-gcc-9.2.0-x64-mingw/bin/../lib/gcc/avr/9.2.0/../../../../avr/lib/avr5/crtatmega328.o

.note.gnu.build-id
 *(.note.gnu.build-id)

.debug
 *(.debug)

.line
 *(.line)

.debug_srcinfo
 *(.debug_srcinfo)

.debug_sfnames
 *(.debug_sfnames)

.debug_aranges  0x0000000000000000      0x108
 *(.debug_aranges)
 .debug_aranges
                0x0000000000000000       0x28 Freq_Gen.o
 .debug_aranges
                0x0000000000000028       0x20 usart.o
 .debug_aranges
                0x0000000000000048       0x20 c:/programs/avr-gcc-9.2.0-x64-mingw/bin/../lib/gcc/avr/9.2.0/avr5\libgcc.a(_udivmodsi4.o)
 .debug_aranges
                0x0000000000000068       0x20 c:/programs/avr-gcc-9.2.0-x64-mingw/bin/../lib/gcc/avr/9.2.0/avr5\libgcc.a(_exit.o)
 .debug_aranges
                0x0000000000000088       0x20 c:/programs/avr-gcc-9.2.0-x64-mingw/bin/../lib/gcc/avr/9.2.0/avr5\libgcc.a(_copy_data.o)
 .debug_aranges
                0x00000000000000a8       0x20 c:/programs/avr-gcc-9.2.0-x64-mingw/bin/../lib/gcc/avr/9.2.0/avr5\libgcc.a(_clear_bss.o)
 .debug_aranges
                0x00000000000000c8       0x20 c:/programs/avr-gcc-9.2.0-x64-mingw/bin/../lib/gcc/avr/9.2.0/avr5\libgcc.a(_prologue.o)
 .debug_aranges
                0x00000000000000e8       0x20 c:/programs/avr-gcc-9.2.0-x64-mingw/bin/../lib/gcc/avr/9.2.0/avr5\libgcc.a(_epilogue.o)

.debug_pubnames
 *(.debug_pubnames)

.debug_info     0x0000000000000000      0xc9c
 *(.debug_info .gnu.linkonce.wi.*)
 .debug_info    0x0000000000000000      0x5f4 c:/programs/avr-gcc-9.2.0-x64-mingw/bin/../lib/gcc/avr/9.2.0/../../../../avr/lib/avr5/crtatmega328.o
 .debug_info    0x00000000000005f4      0x2db Freq_Gen.o
 .debug_info    0x00000000000008cf      0x2e9 usart.o
 .debug_info    0x0000000000000bb8       0x26 c:/programs/avr-gcc-9.2.0-x64-mingw/bin/../lib/gcc/avr/9.2.0/avr5\libgcc.a(_udivmodsi4.o)
 .debug_info    0x0000000000000bde       0x26 c:/programs/avr-gcc-9.2.0-x64-mingw/bin/../lib/gcc/avr/9.2.0/avr5\libgcc.a(_exit.o)
 .debug_info    0x0000000000000c04       0x26 c:/programs/avr-gcc-9.2.0-x64-mingw/bin/../lib/gcc/avr/9.2.0/avr5\libgcc.a(_copy_data.o)
 .debug_info    0x0000000000000c2a       0x26 c:/programs/avr-gcc-9.2.0-x64-mingw/bin/../lib/gcc/avr/9.2.0/avr5\libgcc.a(_clear_bss.o)
 .debug_info    0x0000000000000c50       0x26 c:/programs/avr-gcc-9.2.0-x64-mingw/bin/../lib/gcc/avr/9.2.0/avr5\libgcc.a(_prologue.o)
 .debug_info    0x0000000000000c76       0x26 c:/programs/avr-gcc-9.2.0-x64-mingw/bin/../lib/gcc/avr/9.2.0/avr5\libgcc.a(_epilogue.o)

.debug_abbrev   0x0000000000000000      0x990
 *(.debug_abbrev)
 .debug_abbrev  0x0000000000000000      0x5a2 c:/programs/avr-gcc-9.2.0-x64-mingw/bin/../lib/gcc/avr/9.2.0/../../../../avr/lib/avr5/crtatmega328.o
 .debug_abbrev  0x00000000000005a2      0x1aa Freq_Gen.o
 .debug_abbrev  0x000000000000074c      0x1cc usart.o
 .debug_abbrev  0x0000000000000918       0x14 c:/programs/avr-gcc-9.2.0-x64-mingw/bin/../lib/gcc/avr/9.2.0/avr5\libgcc.a(_udivmodsi4.o)
 .debug_abbrev  0x000000000000092c       0x14 c:/programs/avr-gcc-9.2.0-x64-mingw/bin/../lib/gcc/avr/9.2.0/avr5\libgcc.a(_exit.o)
 .debug_abbrev  0x0000000000000940       0x14 c:/programs/avr-gcc-9.2.0-x64-mingw/bin/../lib/gcc/avr/9.2.0/avr5\libgcc.a(_copy_data.o)
 .debug_abbrev  0x0000000000000954       0x14 c:/programs/avr-gcc-9.2.0-x64-mingw/bin/../lib/gcc/avr/9.2.0/avr5\libgcc.a(_clear_bss.o)
 .debug_abbrev  0x0000000000000968       0x14 c:/programs/avr-gcc-9.2.0-x64-mingw/bin/../lib/gcc/avr/9.2.0/avr5\libgcc.a(_prologue.o)
 .debug_abbrev  0x000000000000097c       0x14 c:/programs/avr-gcc-9.2.0-x64-mingw/bin/../lib/gcc/avr/9.2.0/avr5\libgcc.a(_epilogue.o)

.debug_line     0x0000000000000000      0xa96
 *(.debug_line .debug_line.* .debug_line_end)
 .debug_line    0x0000000000000000       0x1d c:/programs/avr-gcc-9.2.0-x64-mingw/bin/../lib/gcc/avr/9.2.0/../../../../avr/lib/avr5/crtatmega328.o
 .debug_line    0x000000000000001d      0x287 Freq_Gen.o
 .debug_line    0x00000000000002a4      0x360 usart.o
 .debug_line    0x0000000000000604      0x121 c:/programs/avr-gcc-9.2.0-x64-mingw/bin/../lib/gcc/avr/9.2.0/avr5\libgcc.a(_udivmodsi4.o)
 .debug_line    0x0000000000000725       0x61 c:/programs/avr-gcc-9.2.0-x64-mingw/bin/../lib/gcc/avr/9.2.0/avr5\libgcc.a(_exit.o)
 .debug_line    0x0000000000000786       0x97 c:/programs/avr-gcc-9.2.0-x64-mingw/bin/../lib/gcc/avr/9.2.0/avr5\libgcc.a(_copy_data.o)
 .debug_line    0x000000000000081d       0x85 c:/programs/avr-gcc-9.2.0-x64-mingw/bin/../lib/gcc/avr/9.2.0/avr5\libgcc.a(_clear_bss.o)
 .debug_line    0x00000000000008a2       0xfd c:/programs/avr-gcc-9.2.0-x64-mingw/bin/../lib/gcc/avr/9.2.0/avr5\libgcc.a(_prologue.o)
 .debug_line    0x000000000000099f       0xf7 c:/programs/avr-gcc-9.2.0-x64-mingw/bin/../lib/gcc/avr/9.2.0/avr5\libgcc.a(_epilogue.o)

.debug_frame    0x0000000000000000      0x11c
 *(.debug_frame)
 .debug_frame   0x0000000000000000       0x60 Freq_Gen.o
 .debug_frame   0x0000000000000060       0xbc usart.o

.debug_str      0x0000000000000000      0x428
 *(.debug_str)
 .debug_str     0x0000000000000000      0x20b c:/programs/avr-gcc-9.2.0-x64-mingw/bin/../lib/gcc/avr/9.2.0/../../../../avr/lib/avr5/crtatmega328.o
 .debug_str     0x000000000000020b      0x156 Freq_Gen.o
                                        0x19b (size before relaxing)
 .debug_str     0x0000000000000361       0x65 usart.o
                                        0x172 (size before relaxing)
 .debug_str     0x00000000000003c6       0x62 c:/programs/avr-gcc-9.2.0-x64-mingw/bin/../lib/gcc/avr/9.2.0/avr5\libgcc.a(_udivmodsi4.o)
 .debug_str     0x0000000000000428       0x62 c:/programs/avr-gcc-9.2.0-x64-mingw/bin/../lib/gcc/avr/9.2.0/avr5\libgcc.a(_exit.o)
 .debug_str     0x0000000000000428       0x62 c:/programs/avr-gcc-9.2.0-x64-mingw/bin/../lib/gcc/avr/9.2.0/avr5\libgcc.a(_copy_data.o)
 .debug_str     0x0000000000000428       0x62 c:/programs/avr-gcc-9.2.0-x64-mingw/bin/../lib/gcc/avr/9.2.0/avr5\libgcc.a(_clear_bss.o)
 .debug_str     0x0000000000000428       0x62 c:/programs/avr-gcc-9.2.0-x64-mingw/bin/../lib/gcc/avr/9.2.0/avr5\libgcc.a(_prologue.o)
 .debug_str     0x0000000000000428       0x62 c:/programs/avr-gcc-9.2.0-x64-mingw/bin/../lib/gcc/avr/9.2.0/avr5\libgcc.a(_epilogue.o)

.debug_loc      0x0000000000000000      0x21d
 *(.debug_loc)
 .debug_loc     0x0000000000000000       0x4a Freq_Gen.o
 .debug_loc     0x000000000000004a      0x1d3 usart.o

.debug_macinfo
 *(.debug_macinfo)

.debug_weaknames
 *(.debug_weaknames)

.debug_funcnames
 *(.debug_funcnames)

.debug_typenames
 *(.debug_typenames)

.debug_varnames
 *(.debug_varnames)

.debug_pubtypes
 *(.debug_pubtypes)

.debug_ranges   0x0000000000000000       0x18
 *(.debug_ranges)
 .debug_ranges  0x0000000000000000       0x18 Freq_Gen.o

.debug_macro
 *(.debug_macro)

.debug_addr
 *(.debug_addr)
OUTPUT(Freq_Gen.elf elf32-avr)
LOAD linker stubs
